The ``0-add_integer`` module
============================

Using the ``add_integer`` function
----------------------------------

importing the ``add_integer`` function:
    >>> add_integer = __import__('0-add_integer').add_integer

>>> add_integer(1, 2)
3

>>> add_integer(1, -2)
-1

>>> add_integer(1.5, 2)
3

>>> add_integer(50, 100)
150

>>> add_integer(0, 0)
0

>>> add_integer("hello", 98)
Traceback (most recent call last):
    ...
TypeError: a must be an integer

>>> add_integer(98, "hello")
Traceback (most recent call last):
    ...
TypeError: b must be an integer

>>> add_integer(98, 98.5)
196
>>> add_integer((1, 4), 98)
Traceback (most recent call last):
    ...
TypeError: a must be an integer

>>> add_integer(98, (1, 4))
Traceback (most recent call last):
    ...
TypeError: b must be an integer

>>> add_integer(98, [1, 2, 3])
Traceback (most recent call last):
    ...
TypeError: b must be an integer

>>> add_integer([1, 2, 3], 98)
Traceback (most recent call last):
    ...
TypeError: a must be an integer

>>> add_integer(98, {1: 2, 3: 4})
Traceback (most recent call last):
    ...
TypeError: b must be an integer

>>> add_integer({1: 2, 3: 4}, 98)
Traceback (most recent call last):
    ...
TypeError: a must be an integer

>>> add_integer(98, None)
Traceback (most recent call last):
    ...
TypeError: b must be an integer

>>> add_integer(None, 98)
Traceback (most recent call last):
    ...
TypeError: a must be an integer

>>> add_integer(-3, -3)
-6

>>> add_integer(True, 50)
Traceback (most recent call last):
    ...
TypeError: a must be an integer

>>> add_integer(10, False)
Traceback (most recent call last):
    ...
TypeError: b must be an integer

>>> add_integer(True, False)
Traceback (most recent call last):
    ...
TypeError: a must be an integer

>>> add_integer(True, True)
Traceback (most recent call last):
    ...
TypeError: a must be an integer

>>> add_integer(False, False)
Traceback (most recent call last):
    ...
TypeError: a must be an integer

>>> add_integer(False, True)
Traceback (most recent call last):
    ...
TypeError: a must be an integer

>>> add_integer(98, float('inf'))
Traceback (most recent call last):
    ...
OverflowError: cannot convert float infinity to integer

>>> add_integer(float('inf'), 98)
Traceback (most recent call last):
    ...
OverflowError: cannot convert float infinity to integer

>>> add_integer(98, float('nan'))
Traceback (most recent call last):
    ...
ValueError: cannot convert float NaN to integer

>>> add_integer(float('nan'), 98)
Traceback (most recent call last):
    ...
ValueError: cannot convert float NaN to integer

>>> add_integer()
Traceback (most recent call last):
    ...
TypeError: add_integer() missing 1 required positional argument: 'a'

>>> add_integer(98, 98, 98)
Traceback (most recent call last):
    ...
TypeError: add_integer() takes from 1 to 2 positional arguments but 3 were given

>>> add_integer(98, 98, 98, 98)
Traceback (most recent call last):
    ...
TypeError: add_integer() takes from 1 to 2 positional arguments but 4 were given

>>> add_integer(420e10**40069, 2147483647)
Traceback (most recent call last):
    ...
OverflowError: (34, 'Result too large')

>>> add_integer(10, 5a)
Traceback (most recent call last):
    ...
SyntaxError: invalid decimal literal

>>> add_integer(10, 5.5.5)
Traceback (most recent call last):
    ...
SyntaxError: invalid syntax. Perhaps you forgot a comma?

>>> add_integer(-3r, 6)
Traceback (most recent call last):
    ...
SyntaxError: invalid syntax
